#-----------------------------------------------------------
# Vivado v2024.1.1 (64-bit)
# SW Build 5094488 on Fri Jun 14 08:59:21 MDT 2024
# IP Build 5091682 on Fri Jun 14 16:55:04 MDT 2024
# SharedData Build 5094118 on Fri Jun 14 01:09:43 MDT 2024
# Start of session at: Thu Jul 18 13:43:22 2024
# Process ID: 4184
# Current directory: C:/Users/johnn/vivado/projects/MemoryGame/MemoryGame.runs/impl_1
# Command line: vivado.exe -log TopModule.vdi -applog -product Vivado -messageDb vivado.pb -mode batch -source TopModule.tcl -notrace
# Log file: C:/Users/johnn/vivado/projects/MemoryGame/MemoryGame.runs/impl_1/TopModule.vdi
# Journal file: C:/Users/johnn/vivado/projects/MemoryGame/MemoryGame.runs/impl_1\vivado.jou
# Running On        :DESKTOP-RESLQB1
# Platform          :Windows Server 2016 or Windows 10
# Operating System  :22631
# Processor Detail  :11th Gen Intel(R) Core(TM) i7-1165G7 @ 2.80GHz
# CPU Frequency     :2803 MHz
# CPU Physical cores:4
# CPU Logical cores :8
# Host memory       :16856 MB
# Swap memory       :2818 MB
# Total Virtual     :19674 MB
# Available Virtual :5384 MB
#-----------------------------------------------------------
source TopModule.tcl -notrace
